// Jest Snapshot v1, https://goo.gl/fbAQLP

exports[`matches TaskAdd snapshot 1`] = `
<div
  className="main-container flex flex-col items-center mt-10 space-y-10"
  data-testid="task-add"
>
  <div
    className="task-add-container space-x-4"
  >
    <input
      className="w-52 pl-2 border-2 border-gray-400 rounded placeholder:text-gray-300"
      placeholder="Enter a todo..."
      type="text"
    />
    <button
      className="px-2 border-2 rounded border-gray-500 text-white bg-slate-400 hover:bg-gray-500"
      onClick={[Function]}
    >
      Add Todo
    </button>
  </div>
  <div
    className="tasks-container space-y-4"
  >
    <div
      className="task flex flex-row"
      data-testid="todo-1"
    >
      <h1
        className="text-2xl w-52"
      >
        GYM
      </h1>
      <button
        className="px-2 border-2 rounded border-slate-500 text-white bg-slate-400 hover:bg-slate-400"
        onClick={[Function]}
      >
        Complete
      </button>
    </div>
    <div
      className="task flex flex-row"
      data-testid="todo-2"
    >
      <strike>
        <h1
          className="text-2xl w-52"
        >
          HOMEWORK
        </h1>
      </strike>
      <button
        className="px-2 border-2 rounded border-slate-500 text-white bg-slate-400 hover:bg-slate-400"
        onClick={[Function]}
      >
        Complete
      </button>
    </div>
    <div
      className="task flex flex-row"
      data-testid="todo-3"
    >
      <h1
        className="text-2xl w-52"
      >
        HOMEWORK
      </h1>
      <button
        className="px-2 border-2 rounded border-slate-500 text-white bg-slate-400 hover:bg-slate-400"
        onClick={[Function]}
      >
        Complete
      </button>
    </div>
  </div>
  <div
    className="clear-container"
  >
    <button
      className="px-2 border-2 rounded border-red-800 text-white bg-red-300 hover:bg-red-400"
      onClick={[Function]}
    >
      Clear Completed
    </button>
  </div>
</div>
`;
