// Jest Snapshot v1, https://goo.gl/fbAQLP

exports[`matches snapshot 1`] = `
<div
  className="task flex flex-row"
  data-testid="todo-1"
>
  <h1
    className="text-2xl w-52"
  >
    GYM
  </h1>
  <button
    className="px-2 border-2 rounded border-slate-500 text-white bg-slate-400 hover:bg-slate-400"
    onClick={[Function]}
  >
    Complete
  </button>
</div>
`;
